Microsoft Windows [Version 10.0.22631.5413]
(c) Microsoft Corporation. All rights reserved.

C:\Users\PRABHAKARAN.V>git config --list
diff.astextplain.textconv=astextplain
filter.lfs.clean=git-lfs clean -- %f
filter.lfs.smudge=git-lfs smudge -- %f
filter.lfs.process=git-lfs filter-process
filter.lfs.required=true
http.sslbackend=schannel
core.autocrlf=true
core.fscache=true
core.symlinks=false
pull.rebase=false
credential.helper=manager
credential.https://dev.azure.com.usehttppath=true
init.defaultbranch=master
user.name=swetha
user.email=swetha180703@gamil.com
core.repositoryformatversion=0
core.filemode=false
core.bare=false
core.logallrefupdates=true
core.symlinks=false
core.ignorecase=true
remote.origin.url=https://github.com/swetha1818/ProjectOne.git
remote.origin.fetch=+refs/heads/*:refs/remotes/origin/*
branch.main.remote=origin
branch.main.merge=refs/heads/main

C:\Users\PRABHAKARAN.V>mkdir java

C:\Users\PRABHAKARAN.V>cd Tester

C:\Users\PRABHAKARAN.V\Tester>git clone https://github.com/swetha1818/JavaProject1.git
fatal: destination path 'JavaProject1' already exists and is not an empty directory.

C:\Users\PRABHAKARAN.V\Tester>git status
On branch master

No commits yet

Untracked files:
  (use "git add <file>..." to include in what will be committed)
        JavaProject/
        JavaProject1/
        Project/
        ProjectOne/

nothing added to commit but untracked files present (use "git add" to track)

C:\Users\PRABHAKARAN.V\Tester>cd JavaProject1

C:\Users\PRABHAKARAN.V\Tester\JavaProject1>git status
On branch main

No commits yet

Untracked files:
  (use "git add <file>..." to include in what will be committed)
        Git.txt

nothing added to commit but untracked files present (use "git add" to track)

C:\Users\PRABHAKARAN.V\Tester\JavaProject1>git add.
git: 'add.' is not a git command. See 'git --help'.

The most similar command is
        add

C:\Users\PRABHAKARAN.V\Tester\JavaProject1>git add .

C:\Users\PRABHAKARAN.V\Tester\JavaProject1>git commit -m "Git Project"
[main (root-commit) eda3bd0] Git Project
 1 file changed, 4 insertions(+)
 create mode 100644 Git.txt

C:\Users\PRABHAKARAN.V\Tester\JavaProject1>git branch -M main

C:\Users\PRABHAKARAN.V\Tester\JavaProject1>git status
On branch main
Your branch is based on 'origin/main', but the upstream is gone.
  (use "git branch --unset-upstream" to fixup)

nothing to commit, working tree clean

C:\Users\PRABHAKARAN.V\Tester\JavaProject1>git remote add origin https://github.com/swetha1818/JavaProject1.git
error: remote origin already exists.

C:\Users\PRABHAKARAN.V\Tester\JavaProject1>git push -u origin main
Enumerating objects: 3, done.
Counting objects: 100% (3/3), done.
Delta compression using up to 8 threads
Compressing objects: 100% (2/2), done.
Writing objects: 100% (3/3), 317 bytes | 158.00 KiB/s, done.
Total 3 (delta 0), reused 0 (delta 0), pack-reused 0 (from 0)
To https://github.com/swetha1818/JavaProject1.git
 * [new branch]      main -> main
branch 'main' set up to track 'origin/main'.

C:\Users\PRABHAKARAN.V\Tester\JavaProject1>
